[run] s8 via solve-back-verifier  2026-09-09 09:21:43
```
Pipeline : [1 create]──▶[2 pre-gate solve-back]──▶[3 practice: t1 | exam: t1⇄t2]──▶[4 arbiter]──▶[5 release]
                             ▲ VERDICT: PASS
Stage    : solved SET-260908-info-26 — 26/26 유일성·조건충분·Tier적합 통과, 0 해설 결함(해설 미동봉 세트), 0 세트수준 결함 · 커버리지 26/26(원본 실측 N=26 = 대상 M=26)
Team     : mode=solo; independence=independent (정답표 `.novelty.tsv`·원본 본문 미열람 — 원본은 Select-String 카운트만 취득)
Next     : PASS → practice 세트이므로 tier-1 검토 경로. 단 `scope_confirmed: false`·11·12·16·17번 수업 취급 확인은 미해결로 잔존
```

## 판정 요약

**VERDICT: PASS** — 보고서: `analysis/wip/_gate_state/s8_report.md` (쓴 파일은 이것 하나뿐)

**커버리지 게이트(선행)**: 원본 `260908_04_info_midterm_26.md` 의 **본문을 열지 않고** 문항 헤더 패턴 카운트만 취득 → N=26. 대상 `s8_redacted_set.md` M=26. 선택형 18 / 서답형 8 구간 분할도 선언과 일치 → 통과.

**독립 산출 답(전건 python 실행)**
- 선택형: 1⑤ 2② 3② 4② 5① 6④ 7⑤ 8③ 9② 10④ 11③ 12② 13③ 14① 15① 16④ 17② 18①
- 서답형: 19 `18 1` · 20 `21 6` · 21 `12` · 22 `[5, 3, 3, 8]`/`[3, 5, 3, 8]` · 23 a=2,b=8 · 24 `m[2][1]`,`m[0][1]` · 25 `21` · 26 (가)5 (나)20 (다)25, i=2·4

**핵심 실측 근거**
- 선지형은 5선지를 전부 실행해 유일성 확인(예: 1번 6/2/3/0/7, 6번 −18/−51/35/24/9, 18번 112/28/0/353/120 — 정답 후보 중복 0).
- 23번은 삭제-재풀이 시험에서 「0 이상의 정수」 조건을 빼면 해가 `(2,8)(2,−3)(−9,8)(−9,−3)` 4쌍 → **필수 조건이며 잉여 아님**.
- 배점 합 70.0+30=100.0, Tier 분포 T1 1·T2 7·T3 8·T4 2가 머리말 선언과 실측 일치, r=0.823/0.926/1.054/1.131 전부 RUBRIC §3 밴드 내부.
- 서답형 채점기준 8/8 커버, 24·26번 부분배점 합도 문항 배점과 합치.

**수정 요구 문항: 없음.** 비차단 관찰 5건(정보 과목에 DF3/DF6 메뉴가 매핑되지 않는 태그 어휘 불일치, 17번 DF5 상향 표기, 서답형 T3/T4 동일 4점, 11·12·16·17 수업 취급 미확인, 전사본 대비 검증이라는 한계)은 보고서 §3에 기록했다.

**한계 명시**: 이 PASS는 「전사본(`s8_redacted_set.md`) 대비 검증」이며, 정답표와의 대조는 수행하지 않았다(맹목 유지). 보고서의 26개 답이 그 대조의 독립 기준선이다. WIP 체크포인트는 사용자의 "쓰기는 보고서 하나로 제한" 지시를 우선해 생성하지 않았다(전 슬라이스가 한 세션에서 중단 없이 종료).
[ok] s8 done -> VERDICT: PASS
