[run] s8 via solve-back-verifier  2026-09-09 01:37:06
```
Pipeline : [1 create]──▶[2 pre-gate solve-back]──▶[3 practice: t1 | exam: t1⇄t2]──▶[4 arbiter]──▶[5 release]
                             ▲ VERDICT: HOLD
Stage    : solved SET-260908-info-26 — 26/26 답·유일성·조건충분 통과, Tier 부적합 1건 + 세트 결함 3건
Team     : mode=solo; independence=independent (정답표 미열람 — 원본 .md 본문·.novelty.tsv 미개봉, 문항 수만 grep count로 측정)
Next     : HOLD → #10·#17·#24·#26 4건을 item-writer가 반영 후 재게이트
```

**보고서**: `analysis/wip/_gate_state/s8_report.md` (쓴 파일은 이것 하나뿐)

**커버리지 게이트** — N(원본 `260908_04`)=26, M(리댁트본)=26 → 26/26 통과. 원본은 `grep -c` 카운트만 측정했고 본문·`.novelty.tsv`는 열지 않았다.

**검증 방식** — 26문항 전건을 python으로 실제 실행(코드 원문 그대로 + 선지 전수 평가, #23은 (a,b) 전수 탐색, #10은 `str.isidentifier()`·`keyword.kwlist`, #16은 예외 실측).

**전건 통과분**: 답 26/26 산출, 정답 유일성 26/26, 조건 충분성 26/26, 서답형 채점기준 8/8, 배점 합 100.0(선택형 70.0/18, r 밴드 전부 내부), 세트 내 문항 간 누설 0.

**FAIL 4건**
| 문항 | 결함 | 최소 수정안 |
|---|---|---|
| 10 | `T2` 라벨이나 구조는 T1(명명규칙 단일개념·선지당 1규칙). 서문의 "역산·다중판정으로 개편" 주장이 문면에서 확인 안 됨 | T1로 강등+배점 재환산, 또는 "모두 고른 개수"류 다중판정으로 구조 상향 |
| 17 | IN-24 금지·주의가 요구하는 ⚠️ 확인 표시 누락(학습지 답란 0인 유형) | #16과 같은 형식의 ⚠️ 한 줄 추가 |
| 24 | 채점 조건 줄의 볼드 `**`가 닫히지 않아 인쇄본에 별표 노출 | `**…0부터 센다.**` 로 닫기(원본 확인 후) |
| 26 | (2)의 답 25가 (다)와 동일 → 1점이 변별하지 않는 문항 내 누설 | (2)를 다른 축으로 교체하거나 (나)까지만 표로 묻기 |

**경고(불합 아님)**: #5의 T4는 DF1 4단계를 충족하므로 유지하되 DF5(발상)는 약하다. 선택형 정답이 ②에 6개(33%) 편중.

**판정의 한계**: 리댁트본에 해설이 없어 **해설 중간식 재유도 축은 수행 불가(`▲ 미수행`)** — 이 게이트는 "리댁트본 문면에 대해 검증했다"는 뜻이며, 세트의 `scope_confirmed: false`(2026 시험범위 공지 미확보)는 그대로 유효하다.
[ok] s8 done -> VERDICT: FAIL 4건
