[run] s8 via solve-back-verifier  2026-09-10 08:43:03
```
Pipeline : [1 create]──▶[2 pre-gate solve-back]──▶[3 practice: t1 | exam: t1⇄t2]──▶[4 arbiter]──▶[5 release]
                             ▲ VERDICT: PASS
Stage    : solved SET-260908-info-26 — 커버리지 26/26(100%), 26/26 유일성·조건충분 통과, 차단 결함 0건, 권고 3건
Team     : mode=solo; independence=independent (리댁션본 단독 열람 — 원본 .md·.novelty.tsv·이전 회차 보고서 s8_report_r1~r5·s9_report 전부 미열람; 원본에 실행한 것은 항목수 `grep -c` 1회(숫자만))
Next     : PASS → practice 세트이므로 tier-1 검토 경로. 단 정답표 대조는 이 게이트의 범위 밖 — 메인 루프가 §2 「구한 답」 열을 정답표와 대조해야 게이트가 닫힌다
```

## 결과 요약 (보고서: `analysis/wip/_gate_state/s8_report.md`)

**커버리지 게이트 (원칙 11-a)** — N(원본)=26 · M(리댁션본)=26 · 분할 18/8 일치 → 통과. 분모는 산출물이 아니라 원본으로 쟀다.

**구한 답 (전건 python 실행 확인)**
`1⑤ 2② 3② 4② 5① 6④ 7⑤ 8③ 9② 10④ 11③ 12② 13③ 14① 15① 16④ 17② 18①`
`19:18 1 · 20:21 6 · 21:14 · 22:[5,3,3,8]/[3,5,3,8] · 23:a=2,b=8 · 24:m[2][1],m[0][1] · 25:21 · 26:(1)5,20,25 (2)2,4`

**유일성** — 선택형 18문항은 5선지를 **전부 실행**해 조건 충족 선지가 정확히 1개임을 확인. 23번은 정수쌍 전수 탐색 결과 `(−9,−3)·(−9,8)·(2,−3)·(2,8)` 네 쌍이 존재하며, 「a·b는 0 이상의 정수」 조건이 유일성을 만드는 **필수** 조건임을 실증했다(잉여조건 아님).

**세트 수준** — 서답형 채점기준 8/8 · 배점 70.0+30=100.0 · Tier↔배점 1:1 · `r` 4밴드 전부 내부 · 세트 내 누설 0.

**권고 3건(비차단)**
- 23번: 채점 조건의 「끝값은 포함되지 않는다」가 이 문항의 유일한 함정을 미리 알려줌 → 삭제 권고
- 26번: (2)가 코드에서 즉독 가능해 1점이 무상 지급 → 1단계 연장 추적으로 교체 권고
- **게이트 도구 지적**: 21번 채점 조건의 문장 절단은 세트 결함이 **아니라** `_redact_key.py`의 `SENT` 정규식 산물이다(스크립트 확인으로 확정). 세트가 아니라 자를 재는 도구 쪽 수정 대상.

**VERDICT: PASS** — 파일 쓰기는 지시대로 `s8_report.md` 하나뿐이며, WIP 체크포인트도 만들지 않았다.
[ok] s8 done -> VERDICT: PASS
