[run] s8 via solve-back-verifier  2026-09-09 06:43:38
```
Pipeline : [1 create]──▶[2 pre-gate solve-back]──▶[3 practice: t1 | exam: t1⇄t2]──▶[4 arbiter]──▶[5 release]
                             ▲ VERDICT: PASS
Stage    : solved SET-260908-info-26 — 26/26 answer-pass (커버리지 26/26 = 100%, N=M), 0 solution defects(해설 redact로 판정 불가 — 한계 명시), 0 set-level blocking issues / 4 비차단 지적
Team     : mode=solo; independence=independent (정답표 미열람 — `.novelty.tsv` 및 원본 본문 미개봉, 원본은 grep 카운트만 취득)
Next     : PASS → practice 세트이므로 tier-1 검토 경로로 진행. 비차단 지적 4건은 item-writer 판단 반영, 해설 중간식 축은 원본 접근권 보유 주체가 별도 대조 필요
```

## 요약

**보고서**: `analysis/wip/_gate_state/s8_report.md` (쓴 파일은 이것 하나)

**커버리지 게이트 (fail-closed, 먼저 실행)**
- N(원본 `260908_04_info_midterm_26.md`) = 26, M(redact본) = 26 → **26/26**, 결번·중복 0, 구간 분할(선택형 18 + 서답형 8) 일치 → 진행 조건 충족.

**전건 판정 결과 (26문항, 전부 python 실제 실행)**
- 선택형 18: ⑤②②②① ④⑤③②④ ③②③①① ④②①
- 서답형 8: `18 1` / `21 6` / `12` / `[5,3,3,8]`·`[3,5,3,8]` / a=2,b=8 / `m[2][1]`·`m[0][1]` / `21` / 5·20·25 및 i=2,4
- **유일성 26/26 ✅** — 23번은 0≤i,j≤11 전수 탐색으로 `(2,8)` 단독임을 확인, 6번은 33이 되는 선지가 ④뿐임을 전건 계산으로 확인.
- **조건충분 26/26 ✅**, 잉여 조건 0 (23번 「0 이상 정수」·24/26번 0-기점은 삭제 시 답이 흔들리는 **필수** 조건).
- **Tier**: `DIFFICULTY_RUBRIC.md` §3 요약표를 열어 대조. 배점 4종의 `r` = 0.823/0.926/1.054/1.131로 T1~T4 밴드 전부 내부, 배점 합 70.0+30=100.0·평균단가 3.8889 실측 일치. 25번만 △(T4 근거 약함).

**세트 수준**: 서답형 채점기준 8/8 = 100% 커버, 배점 분할 정합(24번 2+1=3, 26번 1+1+1+1=4), 세트 내 누설·도형 의존 없음.

**비차단 지적 4건**: ①25번 T4→T3 하향 검토 ②정답 ② 6개(33%) 편중 ③24번 「첫째 행」을 `m[0]`로 명시 ④23번 힌트 강도.

**판정하지 못한 축(명시)**: 해설·중간식 무결성은 정답표가 제거된 입력이라 **판정 불가**이며, 함수·재귀 3문항(13·14·15)의 「부교재 근거 명기」 요구(`curriculum_2022.md` 범위 가드 2) 이행 여부도 근거란 redact로 **유보**다. 두 축은 원본 접근권을 가진 주체가 별도 대조해야 한다.
[ok] s8 done -> VERDICT: PASS
