[run] s9 via item-quality-auditor  2026-09-10 09:21:38
독립 재감사 완료. 보고서: `analysis/wip/_gate_state/s9_report.md` (46,134 B · 374행 · 마지막 줄 `VERDICT: FAIL 7건`).

## 판정 요지

**원장(`.novelty.tsv`)의 26행 `PASS`는 근거로 쓰지 않았다.** 대조원 3종 원문을 직접 열어 삼각(주어진 것·요구 행동·풀이 골격)을 다시 세우고, 정답 26개를 파이썬으로 전건 재실행했다.

**N축 — 원장의 헤드라인은 독립적으로도 성립한다**
- 수치변형 **0/26** 재확인. 신규 21 · 부분신규 4(9·10·21·25).
- 다만 **세트 내 골격 중복 2쌍**(#1·#6 「5선지 전수 계산」 / #21·#25 「이중 for + 조건 + 누적」)은 N4 지적으로 남는다.
- #9는 기출 선택14와 주어진 것·요구 행동·골격이 모두 같고 연산자·리스트 분리만 움직였다 → 마진이 가장 얇다.

**V축 — 차단 7건**
- **V1 등재 함정 미발화 6건**(3·9·11·15·18·26). 전부 반례를 실행으로 확인했다. 예: #9는 `len`혼동값 21이 선지에 없고, #15는 종료조건 반환 누락값 6이 선지에 없으며, **#18·#26은 「신규성 조치」와 「금지·주의 준수」가 각각 등재 함정을 껐다.**
- **V2 #16 Tier 과대**: T4 요건 DF5(발상) 미충족인데 **#1이 동일 골격으로 T3/4.1점**이다 — 같은 골격에 T3·T4가 동시에 붙어 있다.
- #25는 서답형 밴드 미서명이라 **▲ blocked**(FAIL도 PASS도 불가).
- V3 위반 0 · 커버리지 26/26.

**A축 — 결함 0**: 26/26 재계산 일치, 해설 유도력 결함 0, 채점기준 8/8 배점 합치, 총점 100.0, `r` 전건 밴드 내부.

**직전 회차와 갈린 지점**: S9 3회차는 V1을 「어떤 함정이든 유발」로 완화 적용해 `V1 FAIL 0건`을 냈다. 완화 권한은 감사자에게 없으므로(원칙 12-a) 문면대로 적용했고, 기준 충돌 자체는 §5 D-2로 상신했다.

⚠️ 부수 실측: 본문 최종수정(08:52:49)이 S8 6회차 보고서(08:52:10)보다 뒤이고 `output/260908/`가 git 미추적이라 차분을 실증할 수 없다 — `gate_status`의 대상 바이트열은 ⚠️미확인이다(A축은 내가 독립 재계산해 blocked 아님).

파일 쓰기는 보고서 1개로 제한했고, 그 때문에 규격 ② WIP 체크포인트를 남기지 못한 사실을 보고서 안에 자기 신고했다.

Pipeline: 정보 26제 세트 → S8(맹목 풀이) PASS → **S9(품질감사) 재실행**
Stage: S9 독립 재감사 완료 — `VERDICT: FAIL 7건` (차단 7 · ▲ blocked 1 · 비차단 승인요청 9 · 결정요청 4)
Next: §4 A-1·A-2를 작성 주체가 처리(원칙 8 — 감사자는 수정 불가) → #16 Tier 정정 시 배점 재배분이 생기므로 **S8 재게이트 필수** → §5 D-1·D-2·D-3은 사용자·`rev-arbiter` 판정 대상이며 그 전까지 이 세트는 `검토필요`다
