[run] s9 via item-quality-auditor  2026-09-09 06:21:44
감사 완료. 보고서: `analysis/wip/_gate_state/s9_report.md` (쓴 파일은 이 1개뿐, 원본 세트·원장·카탈로그 무수정).

## 독립 감사 결과 — `SET-260908-info-26` 26문항

**측정 환경(실측)**: 세트 26문항 / 원장 26행 / 카탈로그 IN-01~26 = 26유형 / 기출 25문항·학습지 55답란 전건 열람 / **정보 과목 선행 세트 0건**(`^subject_code:\s*info` → 대상 자신 1건) / 선행 게이트 `s8_report_r3.md` = `VERDICT: PASS`.

**N축 — 수치변형 FAIL 0건.** 26문항 어느 것도 `(주어진 것·요구 행동·풀이 골격)` 3요소가 선행 문항과 전부 일치하지 않는다. 신규 6 · 부분신규 20. 세트 내 중복 0(위험쌍 6조 개별 대조). 소문항 1건만 동형(24번 (2) ↔ 기출 단답6, 1점, 비차단).

**A1 재계산 26/26 일치** — python 전건 실행, 23번은 `(a,b)` 전수 탐색으로 해집합 `[(2,8)]` 유일 확인.

### 원장을 믿지 않고 다시 재서 나온 것 — 원장이 못 잡은 6건

| 코드 | 문항 | 실측 반례 |
|---|---|---|
| **F2** | 21 | 해설·채점조건의 *「elif로 읽으면 4나 8」* → **거짓**. 두 조건 동시 참 집합 = `[]`이라 **elif 버전도 12**. 문항이 내세운 변별 기제가 무효 |
| **F1** | 6 | *「인덱스를 1부터 셈 → ①」* → 1-based면 `w[0]` 미정의로 ①·④·⑤ 계산 불가, ②=42 ③=−17. ①은 도출 불가 |
| **F5** | 26 | *「(가)에 곱셈 적용해 3」* → 1회차 후 `s=2`이므로 곱셈값은 **6** |
| **F3·F4** | 21·5 | T4 과대 — DF5(통찰) 부재, T4 레시피의 DF3/DF7도 부재 |
| **F6** | 16 | 결정 사실 「범위 초과 **슬라이싱**은 오류 아님」이 기출·학습지 전 슬라이스(9건 전수 확인) 어디에도 없음. 현행 ⚠️는 문항 형식만 덮음 |

**원장 결함 2행**: 12행(정답 SA→ND 교체 미반영, stale) · 21행(F2와 같은 거짓 주장). 나머지 24행은 원문 대조 결과 참.

**V1 구조적 관찰**: 5문항(9·11·15·18·26)이 카탈로그 등재 함정을 하나도 발화시키지 않고 목록 밖 기제로 변별한다 — 특히 **IN-26은 금지·주의(표 행 수 일치)를 지키면 등재 함정 2종이 구조적으로 소멸**한다. 기준을 넓히지 않고 사실만 기록하고 §5 D-2로 올렸다.

**결정요청 3건**(기준을 고치지 않고 상신): D-1 서답형 Tier 자가 「미서명」인데 서답형 8문항에 Tier 선언 · D-2 신규성↔등재함정 충돌 · D-3 `scope_confirmed: false`인데 `intended_use: exam`, 16·17번 확인 조건이 원리적으로 만족 불가.

승인 요청은 차단 6건(A-1~A-6) + 비차단 8건(A-7~A-14) 전부 `- [ ]` 체크박스이며, **반영은 작성 주체가 한다**(원칙 8).

```
Pipeline: 정보 26문항 세트 게이트 — S8 맹목풀이(PASS) → S9 문항품질감사(완료) → arbiter 판정 → 사용자 확인
Stage: S9 완료 · 세트 판정 재작성요구 (재작성 1: 21번 / 조건부 4: 5·6·16·26 / 통과 21) · VERDICT: FAIL 5건
Next: 작성 주체가 §4 A-1~A-6(차단) 반영 → 반영분 한정 S9 재실행. §5 D-1·D-2·D-3은 arbiter/사용자 결정 전까지 ▲ blocked이며, `exam` 투입은 그 결정 없이는 불가
```
[ok] s9 done -> VERDICT: FAIL 5건
